=== fix === 
SKIP lib/turso/resources.ts (no change)
SKIP lib/offline/progress.ts (no change)
PATCHED lib/turso/client.ts
SKIP lib/api.ts (no change)
firestore types exist: false
firebase version: 11.10.0
libsql version: 0.14.0
has DailyQuizCard: true
has default DailyQuiz: true
FIX_EXIT=0 
=== typecheck3 === 

> lumen-medical@1.0.0 typecheck
> tsc --noEmit

lib/api.ts(178,3): error TS2322: Type 'Promise<ResourcePayload>' is not assignable to type 'Promise<{ data: Resource[]; meta: ResourceMeta & { categories: Category[]; counts: Record<string, number>; }; }>'.
  Type 'ResourcePayload' is not assignable to type '{ data: Resource[]; meta: ResourceMeta & { categories: Category[]; counts: Record<string, number>; }; }'.
    Types of property 'meta' are incompatible.
      Type 'ResourceMeta' is not assignable to type 'ResourceMeta & { categories: Category[]; counts: Record<string, number>; }'.
        Type 'ResourceMeta' is not assignable to type '{ categories: Category[]; counts: Record<string, number>; }'.
          Types of property 'categories' are incompatible.
            Type 'Category[] | undefined' is not assignable to type 'Category[]'.
              Type 'undefined' is not assignable to type 'Category[]'.
lib/firebase/client.ts(3,10): error TS2305: Module '"firebase/firestore"' has no exported member 'getFirestore'.
lib/firebase/client.ts(3,29): error TS2305: Module '"firebase/firestore"' has no exported member 'Firestore'.
lib/offline/progress.ts(154,3): error TS2322: Type '({ kind: "quiz"; at: number; payload: { questionId: string; chosenIndex: number; correct: boolean; answeredAt: string; }; } | { kind: string; at: number; payload: ProgressRecord; })[]' is not assignable to type 'PendingWrite[]'.
  Type '{ kind: "quiz"; at: number; payload: { questionId: string; chosenIndex: number; correct: boolean; answeredAt: string; }; } | { kind: string; at: number; payload: ProgressRecord; }' is not assignable to type 'PendingWrite'.
    Type '{ kind: string; at: number; payload: ProgressRecord; }' is not assignable to type 'PendingWrite'.
      Type '{ kind: string; at: number; payload: ProgressRecord; }' is not assignable to type '{ kind: "quiz"; at: number; payload: { questionId: string; chosenIndex: number; correct: boolean; answeredAt: string; }; }'.
        Types of property 'kind' are incompatible.
          Type 'string' is not assignable to type '"quiz"'.
lib/offline/progress.ts(183,3): error TS2322: Type '({ kind: "progress"; at: number; payload: ProgressRecord; } | { kind: string; at: number; payload: { questionId: string; chosenIndex: number; correct: boolean; answeredAt: string; }; })[]' is not assignable to type 'PendingWrite[]'.
  Type '{ kind: "progress"; at: number; payload: ProgressRecord; } | { kind: string; at: number; payload: { questionId: string; chosenIndex: number; correct: boolean; answeredAt: string; }; }' is not assignable to type 'PendingWrite'.
    Type '{ kind: string; at: number; payload: { questionId: string; chosenIndex: number; correct: boolean; answeredAt: string; }; }' is not assignable to type 'PendingWrite'.
      Type '{ kind: string; at: number; payload: { questionId: string; chosenIndex: number; correct: boolean; answeredAt: string; }; }' is not assignable to type '{ kind: "quiz"; at: number; payload: { questionId: string; chosenIndex: number; correct: boolean; answeredAt: string; }; }'.
        Types of property 'kind' are incompatible.
          Type 'string' is not assignable to type '"quiz"'.
TYPECHECK_EXIT=2 
FIX_DONE 
