=== scripts + dev === 
Approved unrs-resolver:
  added unrs-resolver@1.12.2
Approved sharp:
  added sharp@0.33.5
APPROVE_EXIT=0 
npm warn rebuild 2 packages have install scripts not yet covered by allowScripts. Run `npm approve-scripts --allow-scripts-pending` to review.
rebuilt dependencies successfully
REBUILD_EXIT=0 
=== dev server starting === 
=== dev server starting === 

> lumen-medical@1.0.0 dev
> next dev

node:internal/modules/cjs/loader:1517
  const err = new Error(message);
              ^

Error: Cannot find module '@apideck/better-ajv-errors'
Require stack:
- C:\Users\antonio perterno\LUMEN\node_modules\workbox-build\build\lib\validate-options.js
- C:\Users\antonio perterno\LUMEN\node_modules\workbox-webpack-plugin\build\generate-sw.js
- C:\Users\antonio perterno\LUMEN\node_modules\workbox-webpack-plugin\build\index.js
- C:\Users\antonio perterno\LUMEN\node_modules\next-pwa\index.js
    at Module.<anonymous> (node:internal/modules/cjs/loader:1517:15)
    at C:\Users\antonio perterno\LUMEN\node_modules\next\dist\server\require-hook.js:55:36
    at wrapResolveFilename (node:internal/modules/cjs/loader:1071:27)
    at defaultResolveImplForCJSLoading (node:internal/modules/cjs/loader:1095:10)
    at resolveForCJSWithHooks (node:internal/modules/cjs/loader:1122:12)
    at Module._load (node:internal/modules/cjs/loader:1294:5)
    at wrapModuleLoad (node:internal/modules/cjs/loader:255:19)
    at Module.<anonymous> (node:internal/modules/cjs/loader:1617:12)
    at mod.require (C:\Users\antonio perterno\LUMEN\node_modules\next\dist\server\require-hook.js:65:28)
    at require (node:internal/modules/helpers:153:16) {
  code: 'MODULE_NOT_FOUND',
  requireStack: [
    'C:\\Users\\antonio perterno\\LUMEN\\node_modules\\workbox-build\\build\\lib\\validate-options.js',
    'C:\\Users\\antonio perterno\\LUMEN\\node_modules\\workbox-webpack-plugin\\build\\generate-sw.js',
    'C:\\Users\\antonio perterno\\LUMEN\\node_modules\\workbox-webpack-plugin\\build\\index.js',
    'C:\\Users\\antonio perterno\\LUMEN\\node_modules\\next-pwa\\index.js'
  ]
}

Node.js v24.19.0

> lumen-medical@1.0.0 dev
> next dev

node:internal/modules/cjs/loader:1517
  const err = new Error(message);
              ^

Error: Cannot find module 'leven'
Require stack:
- C:\Users\antonio perterno\LUMEN\node_modules\workbox-build\node_modules\@apideck\better-ajv-errors\dist\better-ajv-errors.cjs.development.js
- C:\Users\antonio perterno\LUMEN\node_modules\workbox-build\node_modules\@apideck\better-ajv-errors\dist\index.js
- C:\Users\antonio perterno\LUMEN\node_modules\workbox-build\build\lib\validate-options.js
- C:\Users\antonio perterno\LUMEN\node_modules\workbox-webpack-plugin\build\generate-sw.js
- C:\Users\antonio perterno\LUMEN\node_modules\workbox-webpack-plugin\build\index.js
- C:\Users\antonio perterno\LUMEN\node_modules\next-pwa\index.js
    at Module.<anonymous> (node:internal/modules/cjs/loader:1517:15)
    at C:\Users\antonio perterno\LUMEN\node_modules\next\dist\server\require-hook.js:55:36
    at wrapResolveFilename (node:internal/modules/cjs/loader:1071:27)
    at defaultResolveImplForCJSLoading (node:internal/modules/cjs/loader:1095:10)
    at resolveForCJSWithHooks (node:internal/modules/cjs/loader:1122:12)
    at Module._load (node:internal/modules/cjs/loader:1294:5)
    at wrapModuleLoad (node:internal/modules/cjs/loader:255:19)
    at Module.<anonymous> (node:internal/modules/cjs/loader:1617:12)
    at mod.require (C:\Users\antonio perterno\LUMEN\node_modules\next\dist\server\require-hook.js:65:28)
    at require (node:internal/modules/helpers:153:16) {
  code: 'MODULE_NOT_FOUND',
  requireStack: [
    'C:\\Users\\antonio perterno\\LUMEN\\node_modules\\workbox-build\\node_modules\\@apideck\\better-ajv-errors\\dist\\better-ajv-errors.cjs.development.js',
    'C:\\Users\\antonio perterno\\LUMEN\\node_modules\\workbox-build\\node_modules\\@apideck\\better-ajv-errors\\dist\\index.js',
    'C:\\Users\\antonio perterno\\LUMEN\\node_modules\\workbox-build\\build\\lib\\validate-options.js',
    'C:\\Users\\antonio perterno\\LUMEN\\node_modules\\workbox-webpack-plugin\\build\\generate-sw.js',
    'C:\\Users\\antonio perterno\\LUMEN\\node_modules\\workbox-webpack-plugin\\build\\index.js',
    'C:\\Users\\antonio perterno\\LUMEN\\node_modules\\next-pwa\\index.js'
  ]
}

Node.js v24.19.0
FINAL_DONE 
