=== swc repair === 
npm warn using --force Recommended protections disabled.

added 1 package, and changed 1 package in 1m
npm warn allow-scripts 2 packages have install scripts not yet covered by allowScripts:
npm warn allow-scripts   @firebase/util@1.12.1 (postinstall: node ./postinstall.js)
npm warn allow-scripts   protobufjs@7.6.6 (postinstall: node scripts/postinstall)
npm warn allow-scripts
npm warn allow-scripts Run `npm approve-scripts --allow-scripts-pending` to review, or `npm approve-scripts <pkg>` to allow.
SWC_EXIT=0 
=== dev log === 

> lumen-medical@1.0.0 dev
> next dev

  ▲ Next.js 14.2.23
  - Local:        http://localhost:3000
  - Environments: .env.local

 ✓ Starting...
> [PWA] PWA support is disabled
> [PWA] PWA support is disabled
 ✓ Ready in 7.2s
SWC_DONE 
